<!--[if mso|ie]>
  <div>All Outlook versions</div>
<![endif]-->
